<?xml version="1.0" encoding="utf-8"?><testsuites><testsuite name="pytest" errors="0" failures="0" skipped="0" tests="31" time="0.764" timestamp="2025-05-27T10:34:24.998957+08:00" hostname="smallcat"><testcase classname="tests.monitoring.test_prometheus_collector.TestPrometheusCollector" name="test_init_success" time="0.037" /><testcase classname="tests.monitoring.test_prometheus_collector.TestPrometheusCollector" name="test_init_without_prometheus_client" time="0.001" /><testcase classname="tests.monitoring.test_prometheus_collector.TestPrometheusCollector" name="test_start_collection_success" time="0.002" /><testcase classname="tests.monitoring.test_prometheus_collector.TestPrometheusCollector" name="test_start_collection_partial_failure" time="0.002" /><testcase classname="tests.monitoring.test_prometheus_collector.TestPrometheusCollector" name="test_start_collection_all_failure" time="0.002" /><testcase classname="tests.monitoring.test_prometheus_collector.TestPrometheusCollector" name="test_start_collection_already_running" time="0.002" /><testcase classname="tests.monitoring.test_prometheus_collector.TestPrometheusCollector" name="test_stop_collection_success" time="0.002" /><testcase classname="tests.monitoring.test_prometheus_collector.TestPrometheusCollector" name="test_stop_collection_not_running" time="0.002" /><testcase classname="tests.monitoring.test_prometheus_collector.TestPrometheusCollector" name="test_get_metrics_success" time="0.002" /><testcase classname="tests.monitoring.test_prometheus_collector.TestPrometheusCollector" name="test_get_metrics_no_generate_latest" time="0.001" /><testcase classname="tests.monitoring.test_prometheus_collector.TestPrometheusCollector" name="test_get_content_type" time="0.002" /><testcase classname="tests.monitoring.test_prometheus_collector.TestPrometheusCollector" name="test_is_healthy_true" time="0.001" /><testcase classname="tests.monitoring.test_prometheus_collector.TestPrometheusCollector" name="test_is_healthy_false_not_collecting" time="0.002" /><testcase classname="tests.monitoring.test_prometheus_collector.TestPrometheusCollector" name="test_is_healthy_false_unhealthy_collectors" time="0.002" /><testcase classname="tests.monitoring.test_prometheus_collector.TestPrometheusCollector" name="test_get_collector_status" time="0.002" /><testcase classname="tests.monitoring.test_prometheus_collector.TestPrometheusCollector" name="test_get_collector" time="0.001" /><testcase classname="tests.monitoring.test_prometheus_collector.TestPrometheusCollector" name="test_get_metric_names" time="0.002" /><testcase classname="tests.monitoring.test_grafana_config.TestGrafanaConfigManager" name="test_init_success" time="0.002" /><testcase classname="tests.monitoring.test_grafana_config.TestGrafanaConfigManager" name="test_init_without_grafana_api" time="0.002" /><testcase classname="tests.monitoring.test_grafana_config.TestGrafanaConfigManager" name="test_deploy_all_configurations_success" time="0.002" /><testcase classname="tests.monitoring.test_grafana_config.TestGrafanaConfigManager" name="test_deploy_all_configurations_failure" time="0.003" /><testcase classname="tests.monitoring.test_grafana_config.TestGrafanaConfigManager" name="test_create_custom_dashboard_success" time="0.002" /><testcase classname="tests.monitoring.test_grafana_config.TestGrafanaConfigManager" name="test_create_custom_dashboard_no_managers" time="0.002" /><testcase classname="tests.monitoring.test_grafana_config.TestGrafanaConfigManager" name="test_get_system_status_healthy" time="0.002" /><testcase classname="tests.monitoring.test_grafana_config.TestGrafanaConfigManager" name="test_get_system_status_unhealthy" time="0.003" /><testcase classname="tests.monitoring.test_grafana_config.TestGrafanaConfigManager" name="test_export_configuration_success" time="0.003" /><testcase classname="tests.monitoring.test_grafana_config.TestGrafanaConfigManager" name="test_export_configuration_failure" time="0.003" /><testcase classname="tests.monitoring.test_grafana_config.TestGrafanaConfigManager" name="test_is_healthy_true" time="0.003" /><testcase classname="tests.monitoring.test_grafana_config.TestGrafanaConfigManager" name="test_is_healthy_false_no_managers" time="0.002" /><testcase classname="tests.monitoring.test_grafana_config.TestGrafanaConfigManager" name="test_is_healthy_false_api_error" time="0.002" /><testcase classname="tests.monitoring.test_grafana_config.TestGrafanaConfigManager" name="test_is_healthy_no_api" time="0.002" /></testsuite></testsuites>